Eroare
Corect
Eroare
Eroare
Eroare
Eroare
Eroare
Corect
Corect
Eroare
Eroare
Eroare
Eroare
Eroare
Eroare
Eroare
Eroare
Eroare
Eroare
Eroare
Eroare
Eroare
Eroare
