Eroare
Eroare
Eroare
Eroare
Eroare
Eroare
Eroare
Eroare
Eroare
Eroare
Eroare
Eroare
Eroare
Eroare
Eroare
Eroare
Corect
Eroare
Eroare
Eroare
Eroare
Corect
Eroare
Eroare
Eroare
Eroare
Eroare
Eroare
Corect
Corect
Eroare
Corect
Eroare
Eroare
Eroare
Eroare
