Eroare
Eroare
Eroare
Eroare
Eroare
Eroare
Eroare
Eroare
Eroare
Eroare
Eroare
Corect
Eroare
Eroare
Eroare
Eroare
Eroare
Eroare
Corect
Eroare
Eroare
Eroare
Eroare
Corect
Eroare
Corect
